[1] i.i.d. FLOOR  n/side = 111.9686 -> ceil 112 ; total 224

[2] analytic DEFF cross-check  n_required = n_floor * DEFF (Kish):
    m_bar  rho    DEFF     n/side   total
      112  0.00   1.000      112      224
      112  0.02   3.230      362      724
      112  0.05   6.575      737     1474  <-- central
      112  0.10  12.150     1361     2722
      128  0.00   1.000      112      224
      128  0.02   3.530      396      792
      128  0.05   7.325      821     1642
      128  0.10  13.650     1529     3058
      140  0.00   1.000      112      224
      140  0.02   3.774      423      846
      140  0.05   7.935      889     1778
      140  0.10  14.870     1666     3332
      141  0.00   1.000      112      224
      141  0.02   3.800      426      852
      141  0.05   8.000      896     1792
      141  0.10  15.000     1680     3360

[3] MC power of the repeat-sales WLS boundary_side x period DiD differential
    (cluster-level treatment so rho LOADS the contrast; heteroskedastic V(tau);
     Webb six-point wild-cluster bootstrap one-sided test):
    V(tau)=A+B*tau  A=0.01125  B=0.00161  (V(mean_hold)=0.02250=sigma^2)
    N_PERIODS=28 quarterly dummies; WILD_B=399 bootstrap reps
    m_bar  rho    MC n/side  total  G
      112  0.00      168     336    3
      112  0.02      359     718    6
      112  0.05      422     844    8  <-- central
